// Jest Snapshot v1, https://goo.gl/fbAQLP

exports[`<CredentialsForm /> should match the previous snapshot of the component tests that the component has not changed and matched the previous snapshot 1`] = `
<div
  className="StyledGrommet-sc-19lkkz7-0 iDwiuh"
>
  <main
    className="sc-bZQynM bYzBMv"
  >
    <div
      className="sc-htoDjs faMgFv"
    >
      <section>
        <div>
          <img
            alt="school seal"
            src="certEmblem.png"
          />
        </div>
        <h1>
          [Credential Name]
        </h1>
        <h3>
          [Description]
        </h3>
        <h3>
          Issued on:
           [August 10, 2019]
        </h3>
        <h3>
          Issued by:
          testName
        </h3>
        <h2>
          John Doe
        </h2>
      </section>
      <div />
    </div>
    <section
      className="sc-gzVnrw feuSWF"
    >
      <h2>
        Issue Credential
      </h2>
      <form
        className="sc-htpNat KtFsv"
        onReset={[Function]}
        onSubmit={[Function]}
      >
        <div
          className="StyledBox-sc-13pk1d4-0 IRSNj"
        >
          <div
            className="sc-ifAKCX sc-EHOje fclhkO FormField__FormFieldBox-m9hood-0 eshLKp StyledBox-sc-13pk1d4-0 CAsMy"
          >
            <label
              className="StyledText-sc-1sadyjn-0 bKLvLm"
            >
              Name of Student
            </label>
            <div
              className="StyledBox-sc-13pk1d4-0 gZSidW"
            >
              <div
                className="StyledTextInput__StyledTextInputContainer-sc-1x30a0s-1 kYQCpm"
              >
                <input
                  autoComplete="off"
                  className="sc-bxivhb bUZGRr StyledTextInput-sc-1x30a0s-0 duvNfq"
                  name="ownerName"
                  onBlur={[Function]}
                  onChange={[Function]}
                  onFocus={[Function]}
                  onKeyDown={[Function]}
                  placeholder="Jane Doe"
                  required={true}
                  value=""
                />
              </div>
            </div>
          </div>
          <div
            className="sc-ifAKCX sc-EHOje fclhkO FormField__FormFieldBox-m9hood-0 eshLKp StyledBox-sc-13pk1d4-0 CAsMy"
          >
            <label
              className="StyledText-sc-1sadyjn-0 bKLvLm"
            >
              Credential Name
            </label>
            <div
              className="StyledBox-sc-13pk1d4-0 gZSidW"
            >
              <div
                className="StyledTextInput__StyledTextInputContainer-sc-1x30a0s-1 kYQCpm"
              >
                <input
                  autoComplete="off"
                  className="sc-bxivhb bUZGRr StyledTextInput-sc-1x30a0s-0 duvNfq"
                  name="credName"
                  onBlur={[Function]}
                  onChange={[Function]}
                  onFocus={[Function]}
                  onKeyDown={[Function]}
                  placeholder="Masters in Philosophy"
                  required={true}
                  value=""
                />
              </div>
            </div>
          </div>
          <div
            className="sc-ifAKCX sc-EHOje fclhkO FormField__FormFieldBox-m9hood-0 eshLKp StyledBox-sc-13pk1d4-0 CAsMy"
          >
            <label
              className="StyledText-sc-1sadyjn-0 bKLvLm"
            >
              Type
            </label>
            <div
              className="StyledBox-sc-13pk1d4-0 gZSidW"
            >
              <div
                className="StyledTextInput__StyledTextInputContainer-sc-1x30a0s-1 kYQCpm"
              >
                <input
                  autoComplete="off"
                  className="sc-bxivhb bUZGRr StyledTextInput-sc-1x30a0s-0 duvNfq"
                  name="type"
                  onBlur={[Function]}
                  onChange={[Function]}
                  onFocus={[Function]}
                  onKeyDown={[Function]}
                  placeholder="Masters, PhD, Cert, etc."
                  required={true}
                  value=""
                />
              </div>
            </div>
          </div>
          <div
            className="sc-ifAKCX sc-EHOje fclhkO FormField__FormFieldBox-m9hood-0 eshLKp StyledBox-sc-13pk1d4-0 CAsMy"
          >
            <label
              className="StyledText-sc-1sadyjn-0 bKLvLm"
            >
              Description
            </label>
            <div
              className="StyledBox-sc-13pk1d4-0 gZSidW"
            >
              <textarea
                className="StyledTextArea-sc-17i3mwp-0 gIdccB"
                name="description"
                onBlur={[Function]}
                onChange={[Function]}
                onFocus={[Function]}
                onKeyDown={[Function]}
                placeholder="Student demostrated ability..."
                required={true}
                value=""
              />
            </div>
          </div>
          <div
            className="sc-ifAKCX sc-EHOje fclhkO FormField__FormFieldBox-m9hood-0 eshLKp StyledBox-sc-13pk1d4-0 CAsMy"
          >
            <label
              className="StyledText-sc-1sadyjn-0 bKLvLm"
            >
              Student Email
            </label>
            <div
              className="StyledBox-sc-13pk1d4-0 gZSidW"
            >
              <div
                className="StyledTextInput__StyledTextInputContainer-sc-1x30a0s-1 kYQCpm"
              >
                <input
                  autoComplete="off"
                  className="sc-bxivhb bUZGRr StyledTextInput-sc-1x30a0s-0 duvNfq"
                  name="studentEmail"
                  onBlur={[Function]}
                  onChange={[Function]}
                  onFocus={[Function]}
                  onKeyDown={[Function]}
                  placeholder="Jane.Doe@gmail.com"
                  required={true}
                  value=""
                />
              </div>
            </div>
          </div>
          <div
            className="sc-ifAKCX sc-EHOje fclhkO FormField__FormFieldBox-m9hood-0 eshLKp StyledBox-sc-13pk1d4-0 CAsMy"
          >
            <label
              className="StyledText-sc-1sadyjn-0 bKLvLm"
            >
              School Seal Image URL
            </label>
            <div
              className="StyledBox-sc-13pk1d4-0 gZSidW"
            >
              <div
                className="StyledTextInput__StyledTextInputContainer-sc-1x30a0s-1 kYQCpm"
              >
                <input
                  autoComplete="off"
                  className="sc-bxivhb bUZGRr StyledTextInput-sc-1x30a0s-0 duvNfq"
                  name="imageUrl"
                  onBlur={[Function]}
                  onChange={[Function]}
                  onFocus={[Function]}
                  onKeyDown={[Function]}
                  placeholder="www.image.com/schoolSeal"
                  required={true}
                  value=""
                />
              </div>
            </div>
          </div>
          <div
            className="sc-ifAKCX sc-EHOje fclhkO FormField__FormFieldBox-m9hood-0 eshLKp StyledBox-sc-13pk1d4-0 CAsMy"
          >
            <label
              className="StyledText-sc-1sadyjn-0 bKLvLm"
            >
              Criteria
            </label>
            <div
              className="StyledBox-sc-13pk1d4-0 gZSidW"
            >
              <div
                className="StyledTextInput__StyledTextInputContainer-sc-1x30a0s-1 kYQCpm"
              >
                <input
                  autoComplete="off"
                  className="sc-bxivhb bUZGRr StyledTextInput-sc-1x30a0s-0 duvNfq"
                  name="criteria"
                  onBlur={[Function]}
                  onChange={[Function]}
                  onFocus={[Function]}
                  onKeyDown={[Function]}
                  placeholder="Completed studies in..."
                  required={true}
                  value=""
                />
              </div>
            </div>
          </div>
          <div
            className="sc-ifAKCX sc-EHOje fclhkO FormField__FormFieldBox-m9hood-0 eshLKp StyledBox-sc-13pk1d4-0 CAsMy"
          >
            <label
              className="StyledText-sc-1sadyjn-0 bKLvLm"
            >
              Issued Date
            </label>
            <div
              className="StyledBox-sc-13pk1d4-0 gZSidW"
            >
              <div
                className="StyledMaskedInput__StyledMaskedInputContainer-sc-99vkfa-1 kyyRCm"
              >
                <input
                  autoComplete="off"
                  className="sc-dnqmqq bDsesi StyledMaskedInput-sc-99vkfa-0 kedzFm"
                  name="issuedOn"
                  onBlur={[Function]}
                  onChange={[Function]}
                  onFocus={[Function]}
                  onKeyDown={[Function]}
                  placeholder="M/D/YYYY"
                  required={true}
                  value=""
                />
              </div>
            </div>
          </div>
          <div
            className="sc-ifAKCX sc-EHOje fclhkO FormField__FormFieldBox-m9hood-0 eshLKp StyledBox-sc-13pk1d4-0 CAsMy"
          >
            <label
              className="StyledText-sc-1sadyjn-0 bKLvLm"
            >
              Expiration Date
            </label>
            <div
              className="StyledBox-sc-13pk1d4-0 gZSidW"
            >
              <div
                className="StyledMaskedInput__StyledMaskedInputContainer-sc-99vkfa-1 kyyRCm"
              >
                <input
                  autoComplete="off"
                  className="sc-dnqmqq bDsesi StyledMaskedInput-sc-99vkfa-0 kedzFm"
                  name="expirationDate"
                  onBlur={[Function]}
                  onChange={[Function]}
                  onFocus={[Function]}
                  onKeyDown={[Function]}
                  placeholder="M/D/YYYY"
                  value=""
                />
              </div>
            </div>
          </div>
          <button
            className="sc-bdVaJa bDWFJH StyledButton-sc-323bzc-0 geFpyw"
            disabled={false}
            onBlur={[Function]}
            onFocus={[Function]}
            onMouseOut={[Function]}
            onMouseOver={[Function]}
            type="submit"
          >
            Submit
          </button>
        </div>
      </form>
    </section>
  </main>
</div>
`;
