// Jest Snapshot v1, https://goo.gl/fbAQLP

exports[`<CredCardDateIssued /> should match the previous snapshot of the component tests that the component has not changed and matched the previous snapshot 1`] = `
<div
  className="StyledGrommet-sc-19lkkz7-0 iDwiuh"
>
  <div
    className="sc-EHOje hvxJwW"
  >
    <p>
      03/03/3030
    </p>
  </div>
</div>
`;
