// Jest Snapshot v1, https://goo.gl/fbAQLP

exports[`<NavBar /> should match the previous snapshot of the component tests that the component has not changed and matched the previous snapshot 1`] = `
<div
  className="StyledGrommet-sc-19lkkz7-0 iDwiuh"
>
  <div
    className="sc-gzVnrw fUxDQo"
  >
    <nav>
      <div>
        <div
          className="sc-bZQynM kfMrJj"
          data-testid="hamburger"
        >
          <div
            className="hamburger-menu"
            onClick={[Function]}
          >
            <span />
            <span />
            <span />
          </div>
        </div>
        <div
          className="logo"
        >
          <a
            href="/dashboard"
            onClick={[Function]}
          >
            <img
              alt="Stampd logo"
              draggable="false"
              src="stampd_full_white.svg"
            />
          </a>
        </div>
      </div>
      <div
        className="button__container"
      >
        <button
          aria-label="Logout"
          className="sc-bwzfXH sc-htoDjs hsGllO StyledButton-sc-323bzc-0 kHrfdt"
          onBlur={[Function]}
          onClick={[Function]}
          onFocus={[Function]}
          onMouseOut={[Function]}
          onMouseOver={[Function]}
          type="button"
        >
          Logout
        </button>
      </div>
    </nav>
  </div>
</div>
`;
