// Jest Snapshot v1, https://goo.gl/fbAQLP

exports[`<MainDashboard /> within school tests <MainDashboard /> within school matches previous snapshot should matche the snapshot of Main Dashboard 1`] = `
<div
  className="StyledGrommet-sc-19lkkz7-0 iDwiuh"
>
  <section
    className="sc-fjdhpX jYWTeZ"
  >
    <div />
    <div>
      <input
        name="searchText"
        onChange={[Function]}
        placeholder="Search"
        type="text"
        value=""
      />
      <button
        className="sc-bdVaJa sc-jzJRlG bkSOxo StyledButton-sc-323bzc-0 aNlbA"
        onBlur={[Function]}
        onClick={[Function]}
        onFocus={[Function]}
        onMouseOut={[Function]}
        onMouseOver={[Function]}
        type="button"
      >
        + Issue Credential
      </button>
    </div>
  </section>
</div>
`;
