// Jest Snapshot v1, https://goo.gl/fbAQLP

exports[`<StudentDashboard /> should match the previous snapshot of the component tests that the component has not changed and matched the previous snapshot 1`] = `
<div
  className="StyledGrommet-sc-19lkkz7-0 iDwiuh"
>
  <section
    className="sc-cSHVUG chVKOk"
  >
    <h2>
      Welcome, 
      !
    </h2>
    <div>
      <input
        name="searchText"
        onChange={[Function]}
        placeholder="Search"
        type="text"
        value=""
      />
    </div>
  </section>
  <div
    className="StyledBox-sc-13pk1d4-0 izmUvx"
  >
    <section
      className="sc-VigVT kwgGCs"
    >
      <div
        className="sc-EHOje hWneJQ"
      >
        <button
          aria-label="view credentials button"
          className="sc-bdVaJa sc-bZQynM csIfUH StyledButton-sc-323bzc-0 kHrfdt"
          onBlur={[Function]}
          onClick={[Function]}
          onFocus={[Function]}
          onMouseOut={[Function]}
          onMouseOver={[Function]}
          type="button"
        >
          View
        </button>
      </div>
      <div
        className="sc-gzVnrw bKsZFP"
      >
        <h2>
          test1
        </h2>
        <p>
          test
        </p>
      </div>
      <div
        className="sc-htoDjs erhmUl"
      >
        <p />
      </div>
      <div
        className="sc-dnqmqq jubHKb"
      >
        <h3>
          Nathan Thomas
        </h3>
      </div>
      <div
        className="sc-iwsKbI eNHtrI"
      >
        <button
          className="sc-bdVaJa sc-gqjmRU hnZXkc StyledButton-sc-323bzc-0 jfbKsv"
          onBlur={[Function]}
          onClick={[Function]}
          onFocus={[Function]}
          onMouseOut={[Function]}
          onMouseOver={[Function]}
          type="button"
        >
          <svg
            aria-label="Trash"
            className="sc-gZMcBi Qfbta StyledIcon-ofa7kd-0 iOkQrb"
            viewBox="0 0 24 24"
          >
            <path
              d="M4,5 L20,5 L20,23 L4,23 L4,5 Z M1,5 L23,5 M9,1 L15,1 L15,5 L9,5 L9,1 Z M9,1 L15,1 L15,5 L9,5 L9,1 Z M15,9 L15,19 M9,9 L9,19"
              fill="none"
              stroke="#000"
              strokeWidth="2"
            />
          </svg>
        </button>
      </div>
    </section>
    <section
      className="sc-VigVT kwgGCs"
    >
      <div
        className="sc-EHOje hWneJQ"
      >
        <button
          aria-label="view credentials button"
          className="sc-bdVaJa sc-bZQynM csIfUH StyledButton-sc-323bzc-0 kHrfdt"
          onBlur={[Function]}
          onClick={[Function]}
          onFocus={[Function]}
          onMouseOut={[Function]}
          onMouseOver={[Function]}
          type="button"
        >
          View
        </button>
      </div>
      <div
        className="sc-gzVnrw bKsZFP"
      >
        <h2>
          test2
        </h2>
        <p>
          test
        </p>
      </div>
      <div
        className="sc-htoDjs erhmUl"
      >
        <p />
      </div>
      <div
        className="sc-dnqmqq jubHKb"
      >
        <h3>
          Nathan Thomas
        </h3>
      </div>
      <div
        className="sc-iwsKbI eNHtrI"
      >
        <button
          className="sc-bdVaJa sc-gqjmRU hnZXkc StyledButton-sc-323bzc-0 jfbKsv"
          onBlur={[Function]}
          onClick={[Function]}
          onFocus={[Function]}
          onMouseOut={[Function]}
          onMouseOver={[Function]}
          type="button"
        >
          <svg
            aria-label="Trash"
            className="sc-gZMcBi Qfbta StyledIcon-ofa7kd-0 iOkQrb"
            viewBox="0 0 24 24"
          >
            <path
              d="M4,5 L20,5 L20,23 L4,23 L4,5 Z M1,5 L23,5 M9,1 L15,1 L15,5 L9,5 L9,1 Z M9,1 L15,1 L15,5 L9,5 L9,1 Z M15,9 L15,19 M9,9 L9,19"
              fill="none"
              stroke="#000"
              strokeWidth="2"
            />
          </svg>
        </button>
      </div>
    </section>
    <section
      className="sc-VigVT kwgGCs"
    >
      <div
        className="sc-EHOje hWneJQ"
      >
        <button
          aria-label="view credentials button"
          className="sc-bdVaJa sc-bZQynM csIfUH StyledButton-sc-323bzc-0 kHrfdt"
          onBlur={[Function]}
          onClick={[Function]}
          onFocus={[Function]}
          onMouseOut={[Function]}
          onMouseOver={[Function]}
          type="button"
        >
          View
        </button>
      </div>
      <div
        className="sc-gzVnrw bKsZFP"
      >
        <h2>
          test3
        </h2>
        <p>
          test
        </p>
      </div>
      <div
        className="sc-htoDjs erhmUl"
      >
        <p />
      </div>
      <div
        className="sc-dnqmqq jubHKb"
      >
        <h3>
          Nathan Thomas
        </h3>
      </div>
      <div
        className="sc-iwsKbI eNHtrI"
      >
        <button
          className="sc-bdVaJa sc-gqjmRU hnZXkc StyledButton-sc-323bzc-0 jfbKsv"
          onBlur={[Function]}
          onClick={[Function]}
          onFocus={[Function]}
          onMouseOut={[Function]}
          onMouseOver={[Function]}
          type="button"
        >
          <svg
            aria-label="Trash"
            className="sc-gZMcBi Qfbta StyledIcon-ofa7kd-0 iOkQrb"
            viewBox="0 0 24 24"
          >
            <path
              d="M4,5 L20,5 L20,23 L4,23 L4,5 Z M1,5 L23,5 M9,1 L15,1 L15,5 L9,5 L9,1 Z M9,1 L15,1 L15,5 L9,5 L9,1 Z M15,9 L15,19 M9,9 L9,19"
              fill="none"
              stroke="#000"
              strokeWidth="2"
            />
          </svg>
        </button>
      </div>
    </section>
  </div>
</div>
`;
